
                              .-----------------------------------------------------------.
  /%%%%%                    .* ########################################################### *.
  %        *  *       @@@@.* ####|      |######|   |###|            |###|            |###### *.
  %  %%%  /%%%%\     @@@@@@  ####|       |#####|   |###|   |############|   |######|   |###### *.
  %    %  %    %     @@@@@@  ####|        |####|   |###|   |############|   |#######|   |####### *.
  \%%%%%  \%%%%/    .*@@@@  #####|   |#|   |###|   |###|   |############|   |######|   |########## *.
                  .* ,,,,,,######|   |##|   |##|   |###|           |####|            |############## >
            @@@@.* ##############|   |###|   |#|   |###|   |############|   |######|   |########## .*
           @@@@@@  ##############|   |####|        |###|   |############|   |#######|   |####### .*
           @@@@@@  ##############|   |#####|       |###|   |############|   |######|   |###### .*
          .*@@@@  ###############|   |######|      |###|            |###|            |###### .*
        .* ,,,,,,######################################################################### .*
       *----------------------------------------------------------------------------------*

                                   -- THE GÖNEB REACTION PATHWAY FINDER --

                                     Georg-August-University of Göttingen

Warning: directory was given as argument in program call. This requires the directory to include all nessecary files in the correctly named manner.
Structures are not specified in input-file. The xyz-files are automatically sorted.
Start structure set to: /Users/u5735269/Code Folder/PhD Research/Summer Project/goeneb/testjobs/example_mace/pentadiene-1.xyz
End structure set to: /Users/u5735269/Code Folder/PhD Research/Summer Project/goeneb/testjobs/example_mace/pentadiene-2.xyz
TS structure set to: None
Logging is set to debug
Chosen settings:
starttraj = None
TS_guess = None
start_structure = /Users/u5735269/Code Folder/PhD Research/Summer Project/goeneb/testjobs/example_mace/pentadiene-1.xyz
end_structure = /Users/u5735269/Code Folder/PhD Research/Summer Project/goeneb/testjobs/example_mace/pentadiene-2.xyz
tempdir = None
maxiter = 500
climbing_image = False
frozen_atom_indices = []
relaxed_neb = True
trajtest = False
n_images = 11
use_vark = False
k_const = 0.003
tangents = henkjon
spring_gradient = difference
vark_min_fac = 0.1
use_analytical_springpos = False
step_pred_method = amgd
stepsize_fac = 0.2
harmonic_stepsize_fac = 0.01
harmonic_conv_fac = 0.7
AMGD_max_gamma = 0.9
NR_start = 10
BFGS_start = 5
initial_hessian = diagonal
max_step = 0.05
soft_reset = True
soft_reset_memory = 5
rot_align_mode = pairwise
translate_mode = individual
remove_gradtrans = True
remove_gradrot = False
interp_mode = internal
IDPP = True
SIDPP = False
IDPP_maxiter = 1000
IDPP_max_RMSF = 0.00945
IDPP_max_AbsF = 0.0189
Max_RMSF_tol = 0.000945
Max_AbsF_tol = 0.00189
CI_RMSF_tol = 0.000473
CI_AbsF_tol = 0.000945
Relaxed_Max_RMSF_tol = 0.00945
Relaxed_Max_AbsF_tol = 0.0189
failed_img_tol_percent = 1.0
interface = mace
molpro_path = None
gaussian_path = None
orca_path = None
orca_keywords = None
orca_keywords2 = None
gaussian_keywords = None
molpro_keywords = None
tblite_keywords = None
mace_model_path = None
mace_foundation = mace_off
mace_size = small
mace_device = cpu
mace_dtype = float64
n_threads = 1
memory = 10000
verbose = debug
charge = 0
spin = 1
Temporary files stored under: 
/tmp/u5735269/95108
The path start_structure = /Users/u5735269/Code Folder/PhD Research/Summer Project/goeneb/testjobs/example_mace/pentadiene-1.xyz exists
The path end_structure = /Users/u5735269/Code Folder/PhD Research/Summer Project/goeneb/testjobs/example_mace/pentadiene-2.xyz exists
IDPP pass is converged after 25 iterations!

MACE interface for EnGrad calculation selected.
Loading MACE foundation model: mace_off (size=small, device=cpu)
Creating converter from 7 to 5
Creating converter from 5 to 7
Creating converter from 7 to 5
Creating converter from 5 to 7
Using CPU
Using head Default out of  ['Default']
Now calculating: image1
Now calculating: image2
Energies: (-195.43012960718264, -195.4301438074404)
MACE engrad calculation for 2 images took 0.196 s (0.098 s/image)
One of the end structures had a RMS(gradient) bigger than 0.0189. Maybe you need to reoptimize the end structures.
Beginning NEB optimization loop.

Iteration no. 1
Updating energies and gradients.
Now calculating: image1
Now calculating: image2
Now calculating: image3
Now calculating: image4
Now calculating: image5
Now calculating: image6
Now calculating: image7
Now calculating: image8
Now calculating: image9
Now calculating: image10
Now calculating: image11
Energies: (-195.42123474749968, -195.39910471835387, -195.36439402856968, -195.3232623520065, -195.2912378409547, -195.2794664345342, -195.28744924390276, -195.31915092671483, -195.36242513149028, -195.39859557432382, -195.42118734869268)
MACE engrad calculation for 11 images took 0.131 s (0.012 s/image)
Updating tangent vectors.
Tangents have shape 39
Updating springforce gradients.
Springgrads have shape 39
Calculating NEB gradients.
NEB-grads have shape 39
Calculating optimization steps.
Doing gradient descent
Doing gradient descent
Doing gradient descent
Doing gradient descent
Doing gradient descent
Doing gradient descent
Doing gradient descent
Doing gradient descent
Doing gradient descent
Doing gradient descent
Doing gradient descent
Norm of the suggested step is 0.02916207460775915
Norm of the suggested step is 0.04720871878542337
Norm of the suggested step is 0.0719268479181215, step is scaled
New norm: 0.05000000000000002
Norm of the suggested step is 0.07469613551226219, step is scaled
New norm: 0.05000000000000002
Norm of the suggested step is 0.0477940145006893
Norm of the suggested step is 0.032501513345932195
Norm of the suggested step is 0.042233741931658055
Norm of the suggested step is 0.07249568968649256, step is scaled
New norm: 0.05
Norm of the suggested step is 0.0711117493117322, step is scaled
New norm: 0.05
Norm of the suggested step is 0.04633305639254551
Norm of the suggested step is 0.028661560435202717
Checking for signals of convergence.
Doing cubic fit to interpolate TS. Suggested by Henkelman and Jonsson.
Wall time elapsed (h:m:s): 0:00:00.134176
There are 0 failed images in the path.
Approx. Barrier with respect to left end: 395.566105 kJ/mol
Approx. Barrier with respect to right end: 395.603388 kJ/mol
Current max. RMSF:             0.059805 Tol. 0.009450, NO
Current max. AbsF:             0.210189 Tol. 0.018900, NO
Current max. orthogonal RMSF:  0.059805 Tol. 0.009450
Current max. orthogonal AbsF:  0.210188 Tol. 0.018900
Applying optimization steps.
Checking for failed images.

Iteration no. 2
Updating energies and gradients.
Now calculating: image1
Now calculating: image2
Now calculating: image3
Now calculating: image4
Now calculating: image5
Now calculating: image6
Now calculating: image7
Now calculating: image8
Now calculating: image9
Now calculating: image10
Now calculating: image11
Energies: (-195.42488035878094, -195.40853824611213, -195.38043109571348, -195.3413571219289, -195.30249167048066, -195.2834463997425, -195.29579594463777, -195.33677566856323, -195.37824952157717, -195.40766079169393, -195.42470824481126)
MACE engrad calculation for 11 images took 0.109 s (0.010 s/image)
Updating tangent vectors.
Tangents have shape 39
Updating springforce gradients.
Springgrads have shape 39
Calculating NEB gradients.
NEB-grads have shape 39
Calculating optimization steps.
Doing AMGD
Beta is 0.900000
Doing AMGD
Beta is 0.900000
Doing AMGD
Beta is 0.900000
Doing AMGD
Beta is 0.900000
Doing AMGD
Beta is 0.900000
Doing AMGD
Beta is 0.900000
Doing AMGD
Beta is 0.900000
Doing AMGD
Beta is 0.900000
Doing AMGD
Beta is 0.900000
Doing AMGD
Beta is 0.900000
Doing AMGD
Beta is 0.900000
Norm of the suggested step is 0.04789974474838978
Norm of the suggested step is 0.07656655486461299, step is scaled
New norm: 0.05000000000000001
Norm of the suggested step is 0.10096389591720571, step is scaled
New norm: 0.05
Norm of the suggested step is 0.11336217122504173, step is scaled
New norm: 0.05
Norm of the suggested step is 0.08637398176754989, step is scaled
New norm: 0.05
Norm of the suggested step is 0.046972211340023974
Norm of the suggested step is 0.07365239824541027, step is scaled
New norm: 0.05
Norm of the suggested step is 0.11032478226083024, step is scaled
New norm: 0.049999999999999996
Norm of the suggested step is 0.10010898595316126, step is scaled
New norm: 0.05
Norm of the suggested step is 0.07506419285842489, step is scaled
New norm: 0.05
Norm of the suggested step is 0.04699674596813801
Checking for signals of convergence.
Doing cubic fit to interpolate TS. Suggested by Henkelman and Jonsson.
Wall time elapsed (h:m:s): 0:00:00.245481
There are 0 failed images in the path.
Approx. Barrier with respect to left end: 385.116708 kJ/mol
Approx. Barrier with respect to right end: 385.153991 kJ/mol
Current max. RMSF:             0.055075 Tol. 0.009450, NO
Current max. AbsF:             0.183474 Tol. 0.018900, NO
Current max. orthogonal RMSF:  0.055075 Tol. 0.009450
Current max. orthogonal AbsF:  0.183474 Tol. 0.018900
Applying optimization steps.
Checking for failed images.

Iteration no. 3
Updating energies and gradients.
Now calculating: image1
Now calculating: image2
Now calculating: image3
Now calculating: image4
Now calculating: image5
Now calculating: image6
Now calculating: image7
Now calculating: image8
Now calculating: image9
Now calculating: image10
Now calculating: image11
Energies: (-195.4280327068919, -195.41575085306323, -195.39240756075205, -195.35751404192544, -195.31450965100035, -195.285952956661, -195.30567385988073, -195.3524326027262, -195.39001980440744, -195.41469307248963, -195.4277496372716)
MACE engrad calculation for 11 images took 0.110 s (0.010 s/image)
Updating tangent vectors.
Tangents have shape 39
Updating springforce gradients.
Springgrads have shape 39
Calculating NEB gradients.
NEB-grads have shape 39
Calculating optimization steps.
Doing AMGD
Beta is 0.708744
Doing AMGD
Beta is 0.900000
Doing AMGD
Beta is 0.900000
Doing AMGD
Beta is 0.900000
Doing AMGD
Beta is 0.900000
Doing AMGD
Beta is 0.539661
Doing AMGD
Beta is 0.875214
Doing AMGD
Beta is 0.900000
Doing AMGD
Beta is 0.900000
Doing AMGD
Beta is 0.900000
Doing AMGD
Beta is 0.707563
Norm of the suggested step is 0.03937234594021768
Norm of the suggested step is 0.06950287265916892, step is scaled
New norm: 0.05
Norm of the suggested step is 0.0855301503348737, step is scaled
New norm: 0.05
Norm of the suggested step is 0.1044930143231579, step is scaled
New norm: 0.05
Norm of the suggested step is 0.0848856062400378, step is scaled
New norm: 0.049999999999999996
Norm of the suggested step is 0.03790438642001762
Norm of the suggested step is 0.07663033326472032, step is scaled
New norm: 0.049999999999999996
Norm of the suggested step is 0.10200037877368652, step is scaled
New norm: 0.049999999999999996
Norm of the suggested step is 0.08473077941540463, step is scaled
New norm: 0.05
Norm of the suggested step is 0.0689673242427212, step is scaled
New norm: 0.049999999999999996
Norm of the suggested step is 0.03874157128698314
Checking for signals of convergence.
Doing cubic fit to interpolate TS. Suggested by Henkelman and Jonsson.
Wall time elapsed (h:m:s): 0:00:00.358456
There are 0 failed images in the path.
Approx. Barrier with respect to left end: 378.535744 kJ/mol
Approx. Barrier with respect to right end: 378.573027 kJ/mol
Current max. RMSF:             0.048242 Tol. 0.009450, NO
Current max. AbsF:             0.150528 Tol. 0.018900, NO
Current max. orthogonal RMSF:  0.048242 Tol. 0.009450
Current max. orthogonal AbsF:  0.150530 Tol. 0.018900
Applying optimization steps.
Checking for failed images.

Iteration no. 4
Updating energies and gradients.
Now calculating: image1
Now calculating: image2
Now calculating: image3
Now calculating: image4
Now calculating: image5
Now calculating: image6
Now calculating: image7
Now calculating: image8
Now calculating: image9
Now calculating: image10
Now calculating: image11
Energies: (-195.42773284158824, -195.42059373135453, -195.40113569999176, -195.3711514061013, -195.32641576357537, -195.2895016471828, -195.3163025057662, -195.36571383368275, -195.39855750848545, -195.41946972210528, -195.4275383276661)
MACE engrad calculation for 11 images took 0.110 s (0.010 s/image)
Updating tangent vectors.
Tangents have shape 39
Updating springforce gradients.
Springgrads have shape 39
Calculating NEB gradients.
NEB-grads have shape 39
Calculating optimization steps.
Doing AMGD
Beta is 0.220139
Doing AMGD
Beta is 0.855674
Doing AMGD
Beta is 0.900000
Doing AMGD
Beta is 0.900000
Doing AMGD
Beta is 0.900000
Doing AMGD
Beta is 0.875851
Doing AMGD
Beta is 0.872538
Doing AMGD
Beta is 0.900000
Doing AMGD
Beta is 0.900000
Doing AMGD
Beta is 0.847367
Doing AMGD
Beta is 0.241798
Norm of the suggested step is 0.014666991808168795
Norm of the suggested step is 0.056981892350200174, step is scaled
New norm: 0.05
Norm of the suggested step is 0.07530969990095969, step is scaled
New norm: 0.05
Norm of the suggested step is 0.09356528138220245, step is scaled
New norm: 0.05
Norm of the suggested step is 0.07799004695602299, step is scaled
New norm: 0.049999999999999996
Norm of the suggested step is 0.0530277538098172, step is scaled
New norm: 0.05
Norm of the suggested step is 0.07150502883653652, step is scaled
New norm: 0.05
Norm of the suggested step is 0.0923945556512257, step is scaled
New norm: 0.049999999999999996
Norm of the suggested step is 0.07462743250799177, step is scaled
New norm: 0.05000000000000001
Norm of the suggested step is 0.056691789046887306, step is scaled
New norm: 0.05
Norm of the suggested step is 0.014941251811730885
Checking for signals of convergence.
Doing cubic fit to interpolate TS. Suggested by Henkelman and Jonsson.
Wall time elapsed (h:m:s): 0:00:00.471280
There are 0 failed images in the path.
Approx. Barrier with respect to left end: 369.218658 kJ/mol
Approx. Barrier with respect to right end: 369.255941 kJ/mol
Current max. RMSF:             0.039606 Tol. 0.009450, NO
Current max. AbsF:             0.122068 Tol. 0.018900, NO
Current max. orthogonal RMSF:  0.039606 Tol. 0.009450
Current max. orthogonal AbsF:  0.122082 Tol. 0.018900
Applying optimization steps.
Checking for failed images.

Iteration no. 5
Updating energies and gradients.
Now calculating: image1
Now calculating: image2
Now calculating: image3
Now calculating: image4
Now calculating: image5
Now calculating: image6
Now calculating: image7
Now calculating: image8
Now calculating: image9
Now calculating: image10
Now calculating: image11
Energies: (-195.4286473481531, -195.42262913701828, -195.40783489939167, -195.38196693374402, -195.33723341052269, -195.29392010784045, -195.32641849560662, -195.37645696293865, -195.4051635824181, -195.42165197162285, -195.42843659698605)
MACE engrad calculation for 11 images took 0.109 s (0.010 s/image)
Updating tangent vectors.
Tangents have shape 39
Updating springforce gradients.
Springgrads have shape 39
Calculating NEB gradients.
NEB-grads have shape 39
Calculating optimization steps.
Doing AMGD
Beta is 0.900000
Doing AMGD
Beta is 0.507229
Doing AMGD
Beta is 0.900000
Doing AMGD
Beta is 0.900000
Doing AMGD
Beta is 0.900000
Doing AMGD
Beta is 0.900000
Doing AMGD
Beta is 0.888869
Doing AMGD
Beta is 0.900000
Doing AMGD
Beta is 0.900000
Doing AMGD
Beta is 0.537991
Doing AMGD
Beta is 0.900000
Norm of the suggested step is 0.023437777626670108
Norm of the suggested step is 0.030107657464685904
Norm of the suggested step is 0.06835666521484615, step is scaled
New norm: 0.049999999999999996
Norm of the suggested step is 0.0822961925033989, step is scaled
New norm: 0.05
Norm of the suggested step is 0.07155944853700047, step is scaled
New norm: 0.05
Norm of the suggested step is 0.05936404510461422, step is scaled
New norm: 0.05
Norm of the suggested step is 0.06539703064866752, step is scaled
New norm: 0.049999999999999996
Norm of the suggested step is 0.08227896129773171, step is scaled
New norm: 0.049999999999999996
Norm of the suggested step is 0.06837481927902712, step is scaled
New norm: 0.049999999999999996
Norm of the suggested step is 0.0325111337892926
Norm of the suggested step is 0.023713494081774283
Checking for signals of convergence.
Doing cubic fit to interpolate TS. Suggested by Henkelman and Jonsson.
Wall time elapsed (h:m:s): 0:00:00.582779
There are 0 failed images in the path.
Approx. Barrier with respect to left end: 357.617991 kJ/mol
Approx. Barrier with respect to right end: 357.655274 kJ/mol
Current max. RMSF:             0.030770 Tol. 0.009450, NO
Current max. AbsF:             0.099181 Tol. 0.018900, NO
Current max. orthogonal RMSF:  0.030770 Tol. 0.009450
Current max. orthogonal AbsF:  0.099209 Tol. 0.018900
Applying optimization steps.
Checking for failed images.

Iteration no. 6
Updating energies and gradients.
Now calculating: image1
Now calculating: image2
Now calculating: image3
Now calculating: image4
Now calculating: image5
Now calculating: image6
Now calculating: image7
Now calculating: image8
Now calculating: image9
Now calculating: image10
Now calculating: image11
Energies: (-195.42927611829307, -195.42347954235976, -195.41270608734328, -195.3902789224928, -195.34626950836014, -195.2969972584354, -195.3347747663378, -195.38484731932394, -195.41019389770287, -195.42266593863627, -195.42910711746651)
MACE engrad calculation for 11 images took 0.109 s (0.010 s/image)
Updating tangent vectors.
Tangents have shape 39
Updating springforce gradients.
Springgrads have shape 39
Calculating NEB gradients.
NEB-grads have shape 39
Calculating optimization steps.
Doing AMGD
Beta is 0.500571
Doing AMGD
Beta is 0.589012
Doing AMGD
Beta is 0.881758
Doing AMGD
Beta is 0.900000
Doing AMGD
Beta is 0.887955
Doing AMGD
Beta is 0.758677
Doing AMGD
Beta is 0.803512
Doing AMGD
Beta is 0.900000
Doing AMGD
Beta is 0.894000
Doing AMGD
Beta is 0.601064
Doing AMGD
Beta is 0.554202
Norm of the suggested step is 0.01293693561148263
Norm of the suggested step is 0.026232418309329514
Norm of the suggested step is 0.059602815815610645, step is scaled
New norm: 0.05
Norm of the suggested step is 0.07362443340688841, step is scaled
New norm: 0.049999999999999996
Norm of the suggested step is 0.06420899247500689, step is scaled
New norm: 0.05
Norm of the suggested step is 0.05017287421274463, step is scaled
New norm: 0.05
Norm of the suggested step is 0.0540509365930602, step is scaled
New norm: 0.05
Norm of the suggested step is 0.07378838166653824, step is scaled
New norm: 0.049999999999999996
Norm of the suggested step is 0.061392814315976485, step is scaled
New norm: 0.049999999999999996
Norm of the suggested step is 0.028252286787575288
Norm of the suggested step is 0.014743739869964837
Checking for signals of convergence.
Doing cubic fit to interpolate TS. Suggested by Henkelman and Jonsson.
Wall time elapsed (h:m:s): 0:00:00.693953
There are 0 failed images in the path.
Approx. Barrier with respect to left end: 349.538934 kJ/mol
Approx. Barrier with respect to right end: 349.576216 kJ/mol
Current max. RMSF:             0.024122 Tol. 0.009450, NO
Current max. AbsF:             0.082971 Tol. 0.018900, NO
Current max. orthogonal RMSF:  0.024122 Tol. 0.009450
Current max. orthogonal AbsF:  0.083015 Tol. 0.018900
Applying optimization steps.
Checking for failed images.

Iteration no. 7
Updating energies and gradients.
Now calculating: image1
Now calculating: image2
Now calculating: image3
Now calculating: image4
Now calculating: image5
Now calculating: image6
Now calculating: image7
Now calculating: image8
Now calculating: image9
Now calculating: image10
Now calculating: image11
Energies: (-195.42932032660585, -195.42472402170367, -195.415590761311, -195.39688432609756, -195.3535616695083, -195.30024680952553, -195.34167604208875, -195.3915248963503, -195.41351889305093, -195.4240215201006, -195.42915181667456)
MACE engrad calculation for 11 images took 0.109 s (0.010 s/image)
Updating tangent vectors.
Tangents have shape 39
Updating springforce gradients.
Springgrads have shape 39
Calculating NEB gradients.
NEB-grads have shape 39
Calculating optimization steps.
Doing AMGD
Beta is 0.428630
Doing AMGD
Beta is 0.835908
Doing AMGD
Beta is 0.682528
Doing AMGD
Beta is 0.900000
Doing AMGD
Beta is 0.800159
Doing AMGD
Beta is 0.858462
Doing AMGD
Beta is 0.698991
Doing AMGD
Beta is 0.900000
Doing AMGD
Beta is 0.749774
Doing AMGD
Beta is 0.826798
Doing AMGD
Beta is 0.415176
Norm of the suggested step is 0.008587695042002252
Norm of the suggested step is 0.03010509305342761
Norm of the suggested step is 0.04293086313190461
Norm of the suggested step is 0.06814214729961567, step is scaled
New norm: 0.049999999999999996
Norm of the suggested step is 0.05586069690589073, step is scaled
New norm: 0.05
Norm of the suggested step is 0.0558180454017215, step is scaled
New norm: 0.05
Norm of the suggested step is 0.047465585088803934
Norm of the suggested step is 0.0683603522044936, step is scaled
New norm: 0.05
Norm of the suggested step is 0.04811733230685963
Norm of the suggested step is 0.03171455745668537
Norm of the suggested step is 0.009029282249700692
Checking for signals of convergence.
Doing cubic fit to interpolate TS. Suggested by Henkelman and Jonsson.
Wall time elapsed (h:m:s): 0:00:00.805115
There are 0 failed images in the path.
Approx. Barrier with respect to left end: 341.007238 kJ/mol
Approx. Barrier with respect to right end: 341.044521 kJ/mol
Current max. RMSF:             0.020269 Tol. 0.009450, NO
Current max. AbsF:             0.071978 Tol. 0.018900, NO
Current max. orthogonal RMSF:  0.020269 Tol. 0.009450
Current max. orthogonal AbsF:  0.072040 Tol. 0.018900
Applying optimization steps.
Checking for failed images.

Iteration no. 8
Updating energies and gradients.
Now calculating: image1
Now calculating: image2
Now calculating: image3
Now calculating: image4
Now calculating: image5
Now calculating: image6
Now calculating: image7
Now calculating: image8
Now calculating: image9
Now calculating: image10
Now calculating: image11
Energies: (-195.42952298624192, -195.4255198336111, -195.41727902071466, -195.4023443224552, -195.36000416125714, -195.3031688959007, -195.34795832620296, -195.39720043540834, -195.4156883024865, -195.42490126338413, -195.42936798042714)
MACE engrad calculation for 11 images took 0.110 s (0.010 s/image)
Updating tangent vectors.
Tangents have shape 39
Updating springforce gradients.
Springgrads have shape 39
Calculating NEB gradients.
NEB-grads have shape 39
Calculating optimization steps.
Doing AMGD
Beta is 0.871139
Doing AMGD
Beta is 0.622770
Doing AMGD
Beta is 0.636205
Doing AMGD
Beta is 0.900000
Doing AMGD
Beta is 0.818991
Doing AMGD
Beta is 0.900000
Doing AMGD
Beta is 0.804174
Doing AMGD
Beta is 0.900000
Doing AMGD
Beta is 0.659978
Doing AMGD
Beta is 0.638360
Doing AMGD
Beta is 0.860911
Norm of the suggested step is 0.01178746387963469
Norm of the suggested step is 0.022148799507830576
Norm of the suggested step is 0.03563411104020908
Norm of the suggested step is 0.0637965634544198, step is scaled
New norm: 0.049999999999999996
Norm of the suggested step is 0.05589576582934386, step is scaled
New norm: 0.05
Norm of the suggested step is 0.054984947844608875, step is scaled
New norm: 0.05
Norm of the suggested step is 0.052148262597516155, step is scaled
New norm: 0.05
Norm of the suggested step is 0.06468933999042313, step is scaled
New norm: 0.05
Norm of the suggested step is 0.0401883560971599
Norm of the suggested step is 0.023956588733370844
Norm of the suggested step is 0.01229808619032954
Checking for signals of convergence.
Doing cubic fit to interpolate TS. Suggested by Henkelman and Jonsson.
Wall time elapsed (h:m:s): 0:00:00.917004
There are 0 failed images in the path.
Approx. Barrier with respect to left end: 333.335302 kJ/mol
Approx. Barrier with respect to right end: 333.372584 kJ/mol
Current max. RMSF:             0.017824 Tol. 0.009450, NO
Current max. AbsF:             0.059511 Tol. 0.018900, NO
Current max. orthogonal RMSF:  0.017824 Tol. 0.009450
Current max. orthogonal AbsF:  0.059589 Tol. 0.018900
Applying optimization steps.
Checking for failed images.

Iteration no. 9
Updating energies and gradients.
Now calculating: image1
Now calculating: image2
Now calculating: image3
Now calculating: image4
Now calculating: image5
Now calculating: image6
Now calculating: image7
Now calculating: image8
Now calculating: image9
Now calculating: image10
Now calculating: image11
Energies: (-195.42969267691979, -195.42585539183975, -195.41887491656456, -195.40673362952202, -195.36566568601987, -195.30528623904502, -195.3536955854376, -195.4021083839266, -195.41743759031374, -195.4252843486525, -195.42955563262794)
MACE engrad calculation for 11 images took 0.110 s (0.010 s/image)
Updating tangent vectors.
Tangents have shape 39
Updating springforce gradients.
Springgrads have shape 39
Calculating NEB gradients.
NEB-grads have shape 39
Calculating optimization steps.
Doing AMGD
Beta is 0.692689
Doing AMGD
Beta is 0.603426
Doing AMGD
Beta is 0.765788
Doing AMGD
Beta is 0.864648
Doing AMGD
Beta is 0.850516
Doing AMGD
Beta is 0.754551
Doing AMGD
Beta is 0.823299
Doing AMGD
Beta is 0.895152
Doing AMGD
Beta is 0.732847
Doing AMGD
Beta is 0.608641
Doing AMGD
Beta is 0.712748
Norm of the suggested step is 0.009788745224860281
Norm of the suggested step is 0.017555273743011142
Norm of the suggested step is 0.035922312144216664
Norm of the suggested step is 0.0577747214250362, step is scaled
New norm: 0.05
Norm of the suggested step is 0.055545315475850954, step is scaled
New norm: 0.05
Norm of the suggested step is 0.045754373962253396
Norm of the suggested step is 0.05330390752181075, step is scaled
New norm: 0.05
Norm of the suggested step is 0.06111236330819901, step is scaled
New norm: 0.05
Norm of the suggested step is 0.03786792205952892
Norm of the suggested step is 0.01890856940583767
Norm of the suggested step is 0.010496183425977317
Checking for signals of convergence.
Doing cubic fit to interpolate TS. Suggested by Henkelman and Jonsson.
Wall time elapsed (h:m:s): 0:00:01.028743
There are 0 failed images in the path.
Approx. Barrier with respect to left end: 327.776218 kJ/mol
Approx. Barrier with respect to right end: 327.813501 kJ/mol
Current max. RMSF:             0.015406 Tol. 0.009450, NO
Current max. AbsF:             0.044076 Tol. 0.018900, NO
Current max. orthogonal RMSF:  0.015406 Tol. 0.009450
Current max. orthogonal AbsF:  0.044135 Tol. 0.018900
Applying optimization steps.
Checking for failed images.

Iteration no. 10
Updating energies and gradients.
Now calculating: image1
Now calculating: image2
Now calculating: image3
Now calculating: image4
Now calculating: image5
Now calculating: image6
Now calculating: image7
Now calculating: image8
Now calculating: image9
Now calculating: image10
Now calculating: image11
Energies: (-195.42974202644663, -195.42626774265005, -195.42017852504742, -195.41010099598807, -195.37041274674596, -195.3071637834944, -195.35853298858044, -195.40618760000692, -195.41888317942357, -195.42573285006364, -195.4296055585196)
MACE engrad calculation for 11 images took 0.108 s (0.010 s/image)
Updating tangent vectors.
Tangents have shape 39
Updating springforce gradients.
Springgrads have shape 39
Calculating NEB gradients.
NEB-grads have shape 39
Calculating optimization steps.
Doing AMGD
Beta is 0.516275
Doing AMGD
Beta is 0.803930
Doing AMGD
Beta is 0.750887
Doing AMGD
Beta is 0.797950
Doing AMGD
Beta is 0.806140
Doing AMGD
Beta is 0.815083
Doing AMGD
Beta is 0.787838
Doing AMGD
Beta is 0.857056
Doing AMGD
Beta is 0.755229
Doing AMGD
Beta is 0.795495
Doing AMGD
Beta is 0.499768
Norm of the suggested step is 0.006641473072085314
Norm of the suggested step is 0.01886703855627228
Norm of the suggested step is 0.033008034308922234
Norm of the suggested step is 0.05111978068013072, step is scaled
New norm: 0.05
Norm of the suggested step is 0.05133711523683298, step is scaled
New norm: 0.049999999999999996
Norm of the suggested step is 0.04544922972718174
Norm of the suggested step is 0.05016505178460938, step is scaled
New norm: 0.05
Norm of the suggested step is 0.056082273116929066, step is scaled
New norm: 0.05
Norm of the suggested step is 0.035156825028915706
Norm of the suggested step is 0.01992282526514418
Norm of the suggested step is 0.006803617945011874
Checking for signals of convergence.
Doing cubic fit to interpolate TS. Suggested by Henkelman and Jonsson.
Wall time elapsed (h:m:s): 0:00:01.139610
There are 0 failed images in the path.
Approx. Barrier with respect to left end: 322.846726 kJ/mol
Approx. Barrier with respect to right end: 322.884009 kJ/mol
Current max. RMSF:             0.013437 Tol. 0.009450, NO
Current max. AbsF:             0.037549 Tol. 0.018900, NO
Current max. orthogonal RMSF:  0.013437 Tol. 0.009450
Current max. orthogonal AbsF:  0.037618 Tol. 0.018900
Applying optimization steps.
Checking for failed images.

Iteration no. 11
Updating energies and gradients.
Now calculating: image1
Now calculating: image2
Now calculating: image3
Now calculating: image4
Now calculating: image5
Now calculating: image6
Now calculating: image7
Now calculating: image8
Now calculating: image9
Now calculating: image10
Now calculating: image11
Energies: (-195.42981851041316, -195.4266065599733, -195.421002247794, -195.4127737247036, -195.37463058425098, -195.30885681005788, -195.36288418287876, -195.40953338433016, -195.41987116532428, -195.42610050863846, -195.4296854870576)
MACE engrad calculation for 11 images took 0.106 s (0.010 s/image)
Updating tangent vectors.
Tangents have shape 39
Updating springforce gradients.
Springgrads have shape 39
Calculating NEB gradients.
NEB-grads have shape 39
Calculating optimization steps.
Doing AMGD
Beta is 0.807516
Doing AMGD
Beta is 0.753140
Doing AMGD
Beta is 0.679890
Doing AMGD
Beta is 0.760711
Doing AMGD
Beta is 0.823486
Doing AMGD
Beta is 0.877809
Doing AMGD
Beta is 0.830603
Doing AMGD
Beta is 0.822818
Doing AMGD
Beta is 0.700396
Doing AMGD
Beta is 0.753300
Doing AMGD
Beta is 0.802653
Norm of the suggested step is 0.007894322377130756
Norm of the suggested step is 0.01727006648461851
Norm of the suggested step is 0.02759135729330713
Norm of the suggested step is 0.04749693033588319
Norm of the suggested step is 0.05089927514551417, step is scaled
New norm: 0.05
Norm of the suggested step is 0.04624068515303272
Norm of the suggested step is 0.0506845514445901, step is scaled
New norm: 0.05
Norm of the suggested step is 0.05213707444247111, step is scaled
New norm: 0.05
Norm of the suggested step is 0.02997319201989233
Norm of the suggested step is 0.018239791922501466
Norm of the suggested step is 0.008111643099039828
Checking for signals of convergence.
Doing cubic fit to interpolate TS. Suggested by Henkelman and Jonsson.
Wall time elapsed (h:m:s): 0:00:01.247589
There are 0 failed images in the path.
Approx. Barrier with respect to left end: 318.401685 kJ/mol
Approx. Barrier with respect to right end: 318.438968 kJ/mol
Current max. RMSF:             0.012047 Tol. 0.009450, NO
Current max. AbsF:             0.030575 Tol. 0.018900, NO
Current max. orthogonal RMSF:  0.012047 Tol. 0.009450
Current max. orthogonal AbsF:  0.030659 Tol. 0.018900
Applying optimization steps.
Checking for failed images.

Iteration no. 12
Updating energies and gradients.
Now calculating: image1
Now calculating: image2
Now calculating: image3
Now calculating: image4
Now calculating: image5
Now calculating: image6
Now calculating: image7
Now calculating: image8
Now calculating: image9
Now calculating: image10
Now calculating: image11
Energies: (-195.42990122793444, -195.42680800714226, -195.4216988171685, -195.414963845407, -195.3782806068448, -195.31009995396812, -195.3665303118081, -195.41231232318805, -195.42064136003, -195.42632371554242, -195.42977417359805)
MACE engrad calculation for 11 images took 0.107 s (0.010 s/image)
Updating tangent vectors.
Tangents have shape 39
Updating springforce gradients.
Springgrads have shape 39
Calculating NEB gradients.
NEB-grads have shape 39
Calculating optimization steps.
Doing AMGD
Beta is 0.852352
Doing AMGD
Beta is 0.662206
Doing AMGD
Beta is 0.754884
Doing AMGD
Beta is 0.768518
Doing AMGD
Beta is 0.818914
Doing AMGD
Beta is 0.729025
Doing AMGD
Beta is 0.782385
Doing AMGD
Beta is 0.810632
Doing AMGD
Beta is 0.737612
Doing AMGD
Beta is 0.668216
Doing AMGD
Beta is 0.859667
Norm of the suggested step is 0.00838528513283052
Norm of the suggested step is 0.014248238907143643
Norm of the suggested step is 0.026453983553918158
Norm of the suggested step is 0.04497113815335859
Norm of the suggested step is 0.04855303651385831
Norm of the suggested step is 0.03873635558523649
Norm of the suggested step is 0.04574533738190405
Norm of the suggested step is 0.049813432762056575
Norm of the suggested step is 0.02765433218402463
Norm of the suggested step is 0.015143609548408491
Norm of the suggested step is 0.00869757414759378
Checking for signals of convergence.
Doing cubic fit to interpolate TS. Suggested by Henkelman and Jonsson.
Wall time elapsed (h:m:s): 0:00:01.357262
There are 0 failed images in the path.
Approx. Barrier with respect to left end: 315.137811 kJ/mol
Approx. Barrier with respect to right end: 315.175094 kJ/mol
Current max. RMSF:             0.010564 Tol. 0.009450, NO
Current max. AbsF:             0.026868 Tol. 0.018900, NO
Current max. orthogonal RMSF:  0.010564 Tol. 0.009450
Current max. orthogonal AbsF:  0.026794 Tol. 0.018900
Applying optimization steps.
Checking for failed images.

Iteration no. 13
Updating energies and gradients.
Now calculating: image1
Now calculating: image2
Now calculating: image3
Now calculating: image4
Now calculating: image5
Now calculating: image6
Now calculating: image7
Now calculating: image8
Now calculating: image9
Now calculating: image10
Now calculating: image11
Energies: (-195.42994839231116, -195.4270134518918, -195.42235011393657, -195.41678167849537, -195.38123807573197, -195.31109387914447, -195.36933638021523, -195.41459228224005, -195.4213463297948, -195.4265474826388, -195.42982301917462)
MACE engrad calculation for 11 images took 0.107 s (0.010 s/image)
Updating tangent vectors.
Tangents have shape 39
Updating springforce gradients.
Springgrads have shape 39
Calculating NEB gradients.
NEB-grads have shape 39
Calculating optimization steps.
Doing AMGD
Beta is 0.626371
Doing AMGD
Beta is 0.788739
Doing AMGD
Beta is 0.811216
Doing AMGD
Beta is 0.771743
Doing AMGD
Beta is 0.734373
Doing AMGD
Beta is 0.778047
Doing AMGD
Beta is 0.706597
Doing AMGD
Beta is 0.787674
Doing AMGD
Beta is 0.797171
Doing AMGD
Beta is 0.784966
Doing AMGD
Beta is 0.615780
Norm of the suggested step is 0.00641839347384661
Norm of the suggested step is 0.01459718796844717
Norm of the suggested step is 0.026525008405031605
Norm of the suggested step is 0.042111601774179164
Norm of the suggested step is 0.041071084309524115
Norm of the suggested step is 0.035274187337841295
Norm of the suggested step is 0.03713623302728773
Norm of the suggested step is 0.04711524189035019
Norm of the suggested step is 0.027413799982115794
Norm of the suggested step is 0.015351330268131616
Norm of the suggested step is 0.0065193589197913475
Checking for signals of convergence.
Doing cubic fit to interpolate TS. Suggested by Henkelman and Jonsson.
Wall time elapsed (h:m:s): 0:00:01.466292
There are 0 failed images in the path.
Approx. Barrier with respect to left end: 312.528261 kJ/mol
Approx. Barrier with respect to right end: 312.565544 kJ/mol
Current max. RMSF:             0.009544 Tol. 0.009450, NO
Current max. AbsF:             0.025921 Tol. 0.018900, NO
Current max. orthogonal RMSF:  0.009544 Tol. 0.009450
Current max. orthogonal AbsF:  0.025852 Tol. 0.018900
Applying optimization steps.
Checking for failed images.

Iteration no. 14
Updating energies and gradients.
Now calculating: image1
Now calculating: image2
Now calculating: image3
Now calculating: image4
Now calculating: image5
Now calculating: image6
Now calculating: image7
Now calculating: image8
Now calculating: image9
Now calculating: image10
Now calculating: image11
Energies: (-195.42999127837322, -195.42722180294734, -195.4228760891228, -195.41825844952112, -195.38342480081937, -195.31193789249184, -195.37135535024535, -195.41642920492947, -195.42195505605596, -195.42677218329973, -195.42986676066093)
MACE engrad calculation for 11 images took 0.108 s (0.010 s/image)
Updating tangent vectors.
Tangents have shape 39
Updating springforce gradients.
Springgrads have shape 39
Calculating NEB gradients.
NEB-grads have shape 39
Calculating optimization steps.
Doing AMGD
Beta is 0.755920
Doing AMGD
Beta is 0.858350
Doing AMGD
Beta is 0.772338
Doing AMGD
Beta is 0.766718
Doing AMGD
Beta is 0.716350
Doing AMGD
Beta is 0.810308
Doing AMGD
Beta is 0.700520
Doing AMGD
Beta is 0.785870
Doing AMGD
Beta is 0.798815
Doing AMGD
Beta is 0.851346
Doing AMGD
Beta is 0.749451
Norm of the suggested step is 0.006503304424092642
Norm of the suggested step is 0.015321267706316283
Norm of the suggested step is 0.024703767174670335
Norm of the suggested step is 0.038544944144412153
Norm of the suggested step is 0.03347587732762419
Norm of the suggested step is 0.032824857496185994
Norm of the suggested step is 0.02989262078703827
Norm of the suggested step is 0.04386486513564017
Norm of the suggested step is 0.026555484756325336
Norm of the suggested step is 0.015970108533227716
Norm of the suggested step is 0.006586764542691124
Checking for signals of convergence.
Doing cubic fit to interpolate TS. Suggested by Henkelman and Jonsson.
Wall time elapsed (h:m:s): 0:00:01.576037
There are 0 failed images in the path.
Approx. Barrier with respect to left end: 310.312304 kJ/mol
Approx. Barrier with respect to right end: 310.349587 kJ/mol
Current max. RMSF:             0.008386 Tol. 0.009450, YES
Current max. AbsF:             0.023675 Tol. 0.018900, NO
Current max. orthogonal RMSF:  0.008386 Tol. 0.009450
Current max. orthogonal AbsF:  0.023596 Tol. 0.018900
Applying optimization steps.
Checking for failed images.

Iteration no. 15
Updating energies and gradients.
Now calculating: image1
Now calculating: image2
Now calculating: image3
Now calculating: image4
Now calculating: image5
Now calculating: image6
Now calculating: image7
Now calculating: image8
Now calculating: image9
Now calculating: image10
Now calculating: image11
Energies: (-195.43004191472474, -195.42737824246032, -195.42330317782637, -195.41940566454716, -195.38495463623218, -195.3125806062238, -195.3727744907778, -195.41787932413555, -195.42245201837645, -195.42694173643915, -195.42991957782337)
MACE engrad calculation for 11 images took 0.107 s (0.010 s/image)
Updating tangent vectors.
Tangents have shape 39
Updating springforce gradients.
Springgrads have shape 39
Calculating NEB gradients.
NEB-grads have shape 39
Calculating optimization steps.
Doing AMGD
Beta is 0.895276
Doing AMGD
Beta is 0.749040
Doing AMGD
Beta is 0.766830
Doing AMGD
Beta is 0.745132
Doing AMGD
Beta is 0.668201
Doing AMGD
Beta is 0.716302
Doing AMGD
Beta is 0.691458
Doing AMGD
Beta is 0.777940
Doing AMGD
Beta is 0.777367
Doing AMGD
Beta is 0.751673
Doing AMGD
Beta is 0.894526
Norm of the suggested step is 0.007297781564144145
Norm of the suggested step is 0.01359388447946225
Norm of the suggested step is 0.022963382771312383
Norm of the suggested step is 0.033892072161771175
Norm of the suggested step is 0.025846132585680248
Norm of the suggested step is 0.02762507755235697
Norm of the suggested step is 0.024685740585442033
Norm of the suggested step is 0.039657677560650216
Norm of the suggested step is 0.024815553704468897
Norm of the suggested step is 0.014229472724515657
Norm of the suggested step is 0.007421614264968262
Checking for signals of convergence.
Doing cubic fit to interpolate TS. Suggested by Henkelman and Jonsson.
Wall time elapsed (h:m:s): 0:00:01.685418
There are 0 failed images in the path.
Approx. Barrier with respect to left end: 308.624860 kJ/mol
Approx. Barrier with respect to right end: 308.662142 kJ/mol
Current max. RMSF:             0.007020 Tol. 0.009450, YES
Current max. AbsF:             0.019257 Tol. 0.018900, NO
Current max. orthogonal RMSF:  0.007019 Tol. 0.009450
Current max. orthogonal AbsF:  0.019172 Tol. 0.018900
Applying optimization steps.
Checking for failed images.

Iteration no. 16
Updating energies and gradients.
Now calculating: image1
Now calculating: image2
Now calculating: image3
Now calculating: image4
Now calculating: image5
Now calculating: image6
Now calculating: image7
Now calculating: image8
Now calculating: image9
Now calculating: image10
Now calculating: image11
Energies: (-195.43008242112774, -195.427499657222, -195.42368914504104, -195.4202854482166, -195.3860592212738, -195.31321272660733, -195.37387423473305, -195.41894660748463, -195.422877458519, -195.4270738105253, -195.42996179350237)
MACE engrad calculation for 11 images took 0.108 s (0.010 s/image)
Updating tangent vectors.
Tangents have shape 39
Updating springforce gradients.
Springgrads have shape 39
Calculating NEB gradients.
NEB-grads have shape 39
Calculating optimization steps.
Doing AMGD
Beta is 0.755178
Doing AMGD
Beta is 0.746927
Doing AMGD
Beta is 0.818219
Doing AMGD
Beta is 0.733045
Doing AMGD
Beta is 0.722641
Doing AMGD
Beta is 0.813677
Doing AMGD
Beta is 0.772395
Doing AMGD
Beta is 0.733343
Doing AMGD
Beta is 0.798379
Doing AMGD
Beta is 0.746861
Doing AMGD
Beta is 0.753581
Norm of the suggested step is 0.0065754166517271884
Norm of the suggested step is 0.012363842937844234
Norm of the suggested step is 0.02251262217550249
Norm of the suggested step is 0.02946929830100423
Norm of the suggested step is 0.022891440798728194
Norm of the suggested step is 0.027324463420645238
Norm of the suggested step is 0.02373684226040098
Norm of the suggested step is 0.033588387266513905
Norm of the suggested step is 0.023687676650588886
Norm of the suggested step is 0.012941054991740765
Norm of the suggested step is 0.006687787549572938
Checking for signals of convergence.
Doing cubic fit to interpolate TS. Suggested by Henkelman and Jonsson.
Wall time elapsed (h:m:s): 0:00:01.795642
There are 0 failed images in the path.
Approx. Barrier with respect to left end: 306.965228 kJ/mol
Approx. Barrier with respect to right end: 307.002511 kJ/mol
Current max. RMSF:             0.006444 Tol. 0.009450, YES
Current max. AbsF:             0.018758 Tol. 0.018900, YES
Current max. orthogonal RMSF:  0.006444 Tol. 0.009450
Current max. orthogonal AbsF:  0.018714 Tol. 0.018900


Relaxed NEB convergence has been reached after 16 iterations!


Final stats of the NEB path:

Doing cubic fit to interpolate TS. Suggested by Henkelman and Jonsson.
Wall time elapsed (h:m:s): 0:00:01.796648
There are 0 failed images in the path.
Approx. Barrier with respect to left end: 306.965228 kJ/mol
Approx. Barrier with respect to right end: 307.002511 kJ/mol
Result trajectory printed under /Users/u5735269/Code Folder/PhD Research/Summer Project/goeneb/testjobs/example_mace/results/finaltraj.xyz
Highest Energy Image printed under /Users/u5735269/Code Folder/PhD Research/Summer Project/goeneb/testjobs/example_mace/results/HEI.xyz
Doing cubic fit to interpolate TS. Suggested by Henkelman and Jonsson.
Cubic interpolated TS Guess structure printed under /Users/u5735269/Code Folder/PhD Research/Summer Project/goeneb/testjobs/example_mace/results/TS_guess_cubic.xyz
Temporary files deleted.
